// Jest Snapshot v1, https://goo.gl/fbAQLP

exports[`LoginForm component renders the component's given props 1`] = `
<section>
  <form
    className="LoginForm"
    onSubmit={[Function]}
  >
    <div
      role="alert"
    />
    <div
      className="LoginForm__signupElement"
    >
      <div
        className="LoginForm__signupLabel"
      >
        <label
          htmlFor="username"
        >
          Username
        </label>
        <span
          className="astrik"
        >
          *
        </span>
        <input
          id="username"
          name="username"
          placeholder="demo"
          required={true}
          type="text"
        />
      </div>
    </div>
    <div
      className="LoginForm__signupElement"
    >
      <div
        className="LoginForm__signupLabel"
      >
        <label
          htmlFor="password"
        >
          Password
        </label>
        <span
          className="astrik"
        >
          *
        </span>
        <input
          id="password"
          name="password"
          placeholder="Testing123!"
          required={true}
          type="password"
        />
      </div>
    </div>
    <div
      className="signin-button"
    >
      <button
        className="btn btn-sign-in"
        type="submit"
      >
        Sign In
      </button>
    </div>
    <div
      className="LoginForm__loginDemo"
    >
      <h4>
        Demo Account
      </h4>
      <p>
        Username: demo
      </p>
      <p>
        Password: Testing123!
      </p>
    </div>
    <div
      className="LoginForm__redirect"
    >
      <Link
        to="/register"
      >
        Don't have an account? Create one.
      </Link>
    </div>
  </form>
  <Footer />
</section>
`;

exports[`LoginForm component renders the given component 1`] = `
<section>
  <form
    className="LoginForm"
    onSubmit={[Function]}
  >
    <div
      role="alert"
    />
    <div
      className="LoginForm__signupElement"
    >
      <div
        className="LoginForm__signupLabel"
      >
        <label
          htmlFor="username"
        >
          Username
        </label>
        <span
          className="astrik"
        >
          *
        </span>
        <input
          id="username"
          name="username"
          placeholder="demo"
          required={true}
          type="text"
        />
      </div>
    </div>
    <div
      className="LoginForm__signupElement"
    >
      <div
        className="LoginForm__signupLabel"
      >
        <label
          htmlFor="password"
        >
          Password
        </label>
        <span
          className="astrik"
        >
          *
        </span>
        <input
          id="password"
          name="password"
          placeholder="Testing123!"
          required={true}
          type="password"
        />
      </div>
    </div>
    <div
      className="signin-button"
    >
      <button
        className="btn btn-sign-in"
        type="submit"
      >
        Sign In
      </button>
    </div>
    <div
      className="LoginForm__loginDemo"
    >
      <h4>
        Demo Account
      </h4>
      <p>
        Username: demo
      </p>
      <p>
        Password: Testing123!
      </p>
    </div>
    <div
      className="LoginForm__redirect"
    >
      <Link
        to="/register"
      >
        Don't have an account? Create one.
      </Link>
    </div>
  </form>
  <Footer />
</section>
`;
